// Jest Snapshot v1, https://goo.gl/fbAQLP

exports[`Range should render correctly 1`] = `
<div
  className="range-slider-wrapper"
>
  <label
    className="range-slider-label range-slider-label--left"
    htmlFor="rangeValueMin"
  >
    <input
      className="range-slider-input"
      id="rangeValueMin"
      onChange={[Function]}
      type="number"
      value={1}
    />
    €
  </label>
  <div
    className="range-slider"
  >
    <div
      className="range-slider__thumb"
      onMouseDown={[Function]}
      onMouseLeave={[Function]}
      onMouseMove={[Function]}
      onMouseUp={[Function]}
    >
      <button
        className="range-slider__handle range-slider__handle--left "
        style={
          Object {
            "zIndex": false,
          }
        }
        value={1}
      />
    </div>
    <div
      className="range-slider__thumb"
      onMouseDown={[Function]}
      onMouseLeave={[Function]}
      onMouseMove={[Function]}
      onMouseUp={[Function]}
    >
      <button
        className="range-slider__handle range-slider__handle--right "
        style={
          Object {
            "marginLeft": "-10px",
          }
        }
        value={100}
      />
    </div>
    <div
      className="range-slider__track"
    />
  </div>
  <label
    className="range-slider-label range-slider-label--right"
    htmlFor="rangeValueMax"
  >
    <input
      className="range-slider-input"
      id="rangeValueMax"
      onChange={[Function]}
      type="number"
      value={100}
    />
    €
  </label>
</div>
`;
